// Jest Snapshot v1, https://goo.gl/fbAQLP

exports[`CheckoutItem component should mount 1`] = `
<div>
  <div
    class="sc-gsDKAQ ksGHNo"
  >
    <div
      class="sc-dkPtRN gUwQJy"
    >
      <img
        alt="item"
        class="sc-hKwDye gkmiPh"
      />
    </div>
    <span
      class="sc-eCImPb fqRrfq"
    />
    <span
      class="sc-jRQBWg fGFNQO"
    >
      <div
        class="sc-gKclnd lcsmPG"
        data-testid="remove-checkout-item"
      >
        ❮
      </div>
      <div
        class="sc-iCfMLu jHWOzV"
      />
      <div
        class="sc-gKclnd lcsmPG"
        data-testid="add-checkout-item"
      >
        ❯
      </div>
    </span>
    <span
      class="sc-eCImPb fqRrfq"
    >
      $
    </span>
    <div
      class="sc-pVTFL fjkOjk"
    >
      <div
        class="sc-furwcr gxgspo"
        data-testid="clear-checkout-item"
      >
        ✕
      </div>
    </div>
  </div>
</div>
`;
